[soul.vanilacodes.com/test/index.html]
[backblue.gif]
[fade.gif]
[index.html]
[soul.vanilacodes.com/wp-includes/css/dist/block-library/style.mina78f.css]
[soul.vanilacodes.com/wp-includes/css/dist/block-library/theme.mina78f.css]
[soul.vanilacodes.com/wp-content/plugins/woocommerce/packages/woocommerce-blocks/build/vendors-stylee100.css]
[soul.vanilacodes.com/wp-content/plugins/woocommerce/packages/woocommerce-blocks/build/stylee100.css]
[soul.vanilacodes.com/wp-content/plugins/wp-ultimate-review/assets/public/css/content-pagea78f.css]
[soul.vanilacodes.com/wp-includes/css/dashicons.mina78f.css]
[soul.vanilacodes.com/wp-content/plugins/wp-cafe/assets/css/flatpickr.min3ba1.css]
[soul.vanilacodes.com/wp-content/plugins/wp-cafe/assets/css/jquery.timepicker.min3ba1.css]
[soul.vanilacodes.com/wp-content/plugins/wp-cafe/assets/css/wpc-icon3ba1.css]
[soul.vanilacodes.com/wp-content/plugins/wp-cafe/assets/css/wpc-public3ba1.css]
[soul.vanilacodes.com/wp-content/plugins/wpcafe-pro/assets/css/swiper-bundle.mine7f0.css]
[soul.vanilacodes.com/wp-content/plugins/wpcafe-pro/assets/css/wpc-public-proe7f0.css]
[soul.vanilacodes.com/wp-content/themes/oceanwp/assets/css/woo/woo-mini-cart.mina78f.css]
[soul.vanilacodes.com/wp-content/themes/oceanwp/assets/css/woo/woocommerce.mina78f.css]
[soul.vanilacodes.com/wp-content/themes/oceanwp/assets/css/woo/woo-star-font.mina78f.css]
[soul.vanilacodes.com/wp-content/themes/oceanwp/assets/css/woo/woo-quick-view.mina78f.css]
[soul.vanilacodes.com/wp-content/themes/oceanwp/assets/fonts/fontawesome/css/all.min9e0b.css]
[soul.vanilacodes.com/wp-content/themes/oceanwp/assets/css/third/simple-line-icons.min8d5a.css]
[soul.vanilacodes.com/wp-content/themes/oceanwp/assets/css/third/magnific-popup.min8a54.css]
[soul.vanilacodes.com/wp-content/themes/oceanwp/assets/css/third/slick.minaff7.css]
[soul.vanilacodes.com/wp-content/themes/oceanwp/assets/css/style.mina7f4.css]
[soul.vanilacodes.com/wp-content/plugins/elementor/assets/lib/eicons/css/elementor-icons.min21f9.css]
[soul.vanilacodes.com/wp-content/plugins/elementor/assets/lib/animations/animations.minaeb9.css]
[soul.vanilacodes.com/wp-content/plugins/elementor/assets/css/frontend-legacy.minaeb9.css]
[soul.vanilacodes.com/wp-content/plugins/elementor/assets/css/frontend.minaeb9.css]
[soul.vanilacodes.com/wp-content/uploads/elementor/css/post-14952ee2.css]
[soul.vanilacodes.com/wp-content/plugins/elementor-pro/assets/css/frontend.mindeae.css]
[soul.vanilacodes.com/wp-content/plugins/elementor/assets/lib/font-awesome/css/all.minaeb9.css]
[soul.vanilacodes.com/wp-content/plugins/elementor/assets/lib/font-awesome/css/v4-shims.minaeb9.css]
[soul.vanilacodes.com/wp-content/uploads/elementor/css/global55e8.css]
[soul.vanilacodes.com/wp-content/uploads/elementor/css/post-164567b3.css]
[soul.vanilacodes.com/wp-content/uploads/elementor/css/post-16482f3d.css]
[soul.vanilacodes.com/wp-content/plugins/ocean-extra/assets/css/widgetsa78f.css]
[soul.vanilacodes.com/wp-content/plugins/elementor/assets/lib/font-awesome/css/fontawesome.min9e0b.css]
[soul.vanilacodes.com/wp-content/plugins/elementor/assets/lib/font-awesome/css/regular.min9e0b.css]
[soul.vanilacodes.com/wp-content/plugins/elementor/assets/lib/font-awesome/css/solid.min9e0b.css]
[soul.vanilacodes.com/wp-includes/js/jquery/jquery.min9d52.js]
[soul.vanilacodes.com/wp-includes/js/jquery/jquery-migrate.mind617.js]
[soul.vanilacodes.com/wp-content/plugins/wp-ultimate-review/assets/public/script/content-pagea78f.js]
[soul.vanilacodes.com/wp-content/plugins/elementor/assets/lib/font-awesome/js/v4-shims.minaeb9.js]
[soul.vanilacodes.com/wp-content/uploads/2019/07/logo02.png]
[soul.vanilacodes.com/wp-content/uploads/2021/04/32-min-scaled.jpg]
[soul.vanilacodes.com/wp-content/uploads/2021/04/30-min-scaled.jpg]
[soul.vanilacodes.com/wp-content/uploads/2021/04/35-min-1024x683.jpg]
[soul.vanilacodes.com/wp-content/uploads/elementor/thumbs/testimonial_image03-p61jjydkqw4wpeiy9znga18antudnog36d43ishee8.png]
[soul.vanilacodes.com/wp-content/uploads/2019/08/image06-300x198.jpg]
[soul.vanilacodes.com/wp-content/uploads/2019/08/image07-300x198.jpg]
[soul.vanilacodes.com/wp-content/uploads/2019/08/image05-300x198.jpg]
[soul.vanilacodes.com/wp-content/uploads/2019/08/image04-300x198.jpg]
[soul.vanilacodes.com/wp-includes/js/dist/vendor/wp-polyfill.min89b1.js]
[soul.vanilacodes.com/wp-includes/js/dist/vendor/wp-polyfill-fetch.min6e0e.js]
[soul.vanilacodes.com/wp-includes/js/dist/vendor/wp-polyfill-node-contains.min2e00.js]
[soul.vanilacodes.com/wp-includes/js/dist/vendor/wp-polyfill-dom-rect.min2e00.js]
[soul.vanilacodes.com/wp-includes/js/dist/vendor/wp-polyfill-url.min5aed.js]
[soul.vanilacodes.com/wp-includes/js/dist/vendor/wp-polyfill-formdata.mine9bd.js]
[soul.vanilacodes.com/wp-includes/js/dist/vendor/wp-polyfill-element-closest.min4c56.js]
[soul.vanilacodes.com/wp-includes/js/dist/vendor/wp-polyfill-object-fit.min531b.js]
[soul.vanilacodes.com/wp-includes/js/dist/hooks.minf521.js]
[soul.vanilacodes.com/wp-includes/js/dist/i18n.min87d6.js]
[soul.vanilacodes.com/wp-includes/js/dist/vendor/lodash.minf492.js]
[soul.vanilacodes.com/wp-includes/js/dist/url.minacd8.js]
[soul.vanilacodes.com/wp-includes/js/dist/api-fetch.minf3b9.js]
[soul.vanilacodes.com/wp-content/plugins/woocommerce/assets/js/jquery-blockui/jquery.blockUI.min44fd.js]
[soul.vanilacodes.com/wp-content/plugins/woocommerce/assets/js/frontend/add-to-cart.minbb49.js]
[soul.vanilacodes.com/wp-content/plugins/woocommerce/assets/js/js-cookie/js.cookie.min6b25.js]
[soul.vanilacodes.com/wp-content/plugins/woocommerce/assets/js/frontend/woocommerce.minbb49.js]
[soul.vanilacodes.com/wp-content/plugins/woocommerce/assets/js/frontend/cart-fragments.minbb49.js]
[soul.vanilacodes.com/wp-content/plugins/wp-cafe/assets/js/moment.min3ba1.js]
[soul.vanilacodes.com/wp-content/plugins/wp-cafe/assets/js/flatpickr.min3ba1.js]
[soul.vanilacodes.com/wp-content/plugins/wp-cafe/assets/js/jquery.timepicker.min3ba1.js]
[soul.vanilacodes.com/wp-content/plugins/wp-cafe/assets/js/wpc-public3ba1.js]
[soul.vanilacodes.com/wp-content/plugins/wp-cafe/assets/js/common3ba1.js]
[soul.vanilacodes.com/wp-includes/js/underscore.min4511.js]
[soul.vanilacodes.com/wp-includes/js/wp-util.mina78f.js]
[soul.vanilacodes.com/wp-content/plugins/woocommerce/assets/js/frontend/add-to-cart-variation.minbb49.js]
[soul.vanilacodes.com/wp-content/plugins/woocommerce/assets/js/frontend/single-product.minbb49.js]
[cdnjs.cloudflare.com/ajax/libs/pdfmake/0.1.22/pdfmake.mine7f0.js]
[cdnjs.cloudflare.com/ajax/libs/html2canvas/0.4.1/html2canvas.mine7f0.js]
[soul.vanilacodes.com/wp-content/plugins/wp-cafe/assets/js/jquery.timepicker.mine7f0.js]
[soul.vanilacodes.com/wp-content/plugins/wpcafe-pro/assets/js/swiper-bundle.mine7f0.js]
[soul.vanilacodes.com/wp-content/plugins/wpcafe-pro/assets/js/widgetse7f0.js]
[soul.vanilacodes.com/wp-content/plugins/wpcafe-pro/assets/js/wpc-pro-publice7f0.js]
[soul.vanilacodes.com/wp-content/themes/oceanwp/assets/js/third/woo/woo-quick-view.mina7f4.js]
[soul.vanilacodes.com/wp-content/plugins/woocommerce/assets/js/flexslider/jquery.flexslider.mineed8.js]
[soul.vanilacodes.com/wp-content/themes/oceanwp/assets/js/third/woo/woo-mini-cart.mina7f4.js]
[soul.vanilacodes.com/wp-includes/js/imagesloaded.mineda1.js]
[soul.vanilacodes.com/wp-content/themes/oceanwp/assets/js/third/woo/woo-scripts.mina7f4.js]
[soul.vanilacodes.com/wp-content/themes/oceanwp/assets/js/third/magnific-popup.mina7f4.js]
[soul.vanilacodes.com/wp-content/themes/oceanwp/assets/js/third/lightbox.mina7f4.js]
[soul.vanilacodes.com/wp-content/themes/oceanwp/assets/js/main.mina7f4.js]
[soul.vanilacodes.com/wp-includes/js/wp-embed.mina78f.js]
[soul.vanilacodes.com/wp-content/plugins/elementor-pro/assets/lib/smartmenus/jquery.smartmenus.minf269.js]
[soul.vanilacodes.com/wp-content/plugins/elementor-pro/assets/js/webpack-pro.runtime.mindeae.js]
[soul.vanilacodes.com/wp-content/plugins/elementor/assets/js/webpack.runtime.minaeb9.js]
[soul.vanilacodes.com/wp-content/plugins/elementor/assets/js/frontend-modules.minaeb9.js]
[soul.vanilacodes.com/wp-content/plugins/elementor-pro/assets/lib/sticky/jquery.sticky.mindeae.js]
[soul.vanilacodes.com/wp-content/plugins/elementor-pro/assets/js/frontend.mindeae.js]
[soul.vanilacodes.com/wp-includes/js/jquery/ui/core.min35d0.js]
[soul.vanilacodes.com/wp-content/plugins/elementor/assets/lib/dialog/dialog.mina288.js]
[soul.vanilacodes.com/wp-content/plugins/elementor/assets/lib/waypoints/waypoints.min05da.js]
[soul.vanilacodes.com/wp-content/plugins/elementor/assets/lib/share-link/share-link.minaeb9.js]
[soul.vanilacodes.com/wp-content/plugins/elementor/assets/lib/swiper/swiper.min48f5.js]
[soul.vanilacodes.com/wp-content/plugins/elementor/assets/js/frontend.minaeb9.js]
[soul.vanilacodes.com/wp-content/plugins/elementor-pro/assets/js/preloaded-elements-handlers.mindeae.js]
[soul.vanilacodes.com/wp-content/plugins/wp-cafe/assets/js/elementor3ba1.js]
[soul.vanilacodes.com/wp-content/plugins/wpcafe-pro/assets/js/elementore7f0.js]
[soul.vanilacodes.com/wp-content/plugins/elementor/assets/js/preloaded-elements-handlers.minaeb9.js]
[soul.vanilacodes.com/wp-content/plugins/wpforms/assets/js/integrations/elementor/frontend.min7514.js]
[soul.vanilacodes.com/test/index.html]
[soul.vanilacodes.com/wp-includes/css/dist/block-library/style.mina78f.css]
[soul.vanilacodes.com/wp-includes/css/dist/block-library/theme.mina78f.css]
[soul.vanilacodes.com/wp-content/plugins/woocommerce/packages/woocommerce-blocks/build/vendors-stylee100.css]
[soul.vanilacodes.com/wp-content/plugins/woocommerce/packages/woocommerce-blocks/build/stylee100.css]
[soul.vanilacodes.com/wp-content/plugins/wp-cafe/core/guten-block/dist/blocks.style.build.css]
[soul.vanilacodes.com/wp-content/plugins/wp-ultimate-review/assets/public/css/content-pagea78f.css]
[soul.vanilacodes.com/wp-includes/css/dashicons.mina78f.css]
[soul.vanilacodes.com/wp-content/plugins/wp-cafe/assets/css/flatpickr.min3ba1.css]
[soul.vanilacodes.com/wp-content/plugins/wp-cafe/assets/css/jquery.timepicker.min3ba1.css]
[soul.vanilacodes.com/wp-content/plugins/wp-cafe/assets/css/wpc-icon3ba1.css]
[soul.vanilacodes.com/wp-content/plugins/wp-cafe/assets/css/wpc-public3ba1.css]
[soul.vanilacodes.com/wp-content/plugins/wpcafe-pro/assets/css/swiper-bundle.mine7f0.css]
[soul.vanilacodes.com/wp-content/plugins/wpcafe-pro/assets/css/wpc-public-proe7f0.css]
[soul.vanilacodes.com/wp-content/themes/oceanwp/assets/css/woo/woo-mini-cart.mina78f.css]
[soul.vanilacodes.com/wp-content/themes/oceanwp/assets/css/woo/woocommerce.mina78f.css]
[soul.vanilacodes.com/wp-content/themes/oceanwp/assets/css/woo/woo-star-font.mina78f.css]
[soul.vanilacodes.com/wp-content/themes/oceanwp/assets/css/woo/woo-quick-view.mina78f.css]
[soul.vanilacodes.com/wp-content/themes/oceanwp/assets/fonts/fontawesome/css/all.min9e0b.css]
[soul.vanilacodes.com/wp-content/themes/oceanwp/assets/css/third/simple-line-icons.min8d5a.css]
[soul.vanilacodes.com/wp-content/themes/oceanwp/assets/css/third/magnific-popup.min8a54.css]
[soul.vanilacodes.com/wp-content/themes/oceanwp/assets/css/third/slick.minaff7.css]
[soul.vanilacodes.com/wp-content/themes/oceanwp/assets/css/style.mina7f4.css]
[soul.vanilacodes.com/wp-content/plugins/elementor/assets/lib/eicons/css/elementor-icons.min21f9.css]
[soul.vanilacodes.com/wp-content/plugins/elementor/assets/lib/animations/animations.minaeb9.css]
[soul.vanilacodes.com/wp-content/plugins/elementor/assets/css/frontend-legacy.minaeb9.css]
[soul.vanilacodes.com/wp-content/plugins/elementor/assets/css/frontend.minaeb9.css]
[soul.vanilacodes.com/wp-content/uploads/elementor/css/post-14952ee2.css]
[soul.vanilacodes.com/wp-content/plugins/elementor-pro/assets/css/frontend.mindeae.css]
[soul.vanilacodes.com/wp-content/plugins/elementor/assets/lib/font-awesome/css/all.minaeb9.css]
[soul.vanilacodes.com/wp-content/plugins/elementor/assets/lib/font-awesome/css/v4-shims.minaeb9.css]
[soul.vanilacodes.com/wp-content/uploads/elementor/css/global55e8.css]
[soul.vanilacodes.com/wp-content/uploads/elementor/css/post-164567b3.css]
[soul.vanilacodes.com/wp-content/uploads/elementor/css/post-16482f3d.css]
[ajax.cloudflare.com/cdn-cgi/scripts/7d0fa10a/cloudflare-static/rocket-loader.min.js]
[soul.vanilacodes.com/wp-content/plugins/ocean-extra/assets/img/instagram-logo.png]
[soul.vanilacodes.com/wp-content/plugins/ocean-extra/assets/img/flickr.png]
[soul.vanilacodes.com/wp-content/plugins/ocean-extra/assets/css/widgetsa78f.css]
[soul.vanilacodes.com/wp-content/plugins/elementor/assets/lib/font-awesome/css/fontawesome.min9e0b.css]
[soul.vanilacodes.com/wp-content/plugins/elementor/assets/lib/font-awesome/css/regular.min9e0b.css]
[soul.vanilacodes.com/wp-content/plugins/elementor/assets/lib/font-awesome/css/solid.min9e0b.css]
[soul.vanilacodes.com/wp-content/plugins/contact-form-7/includes/css/styles91d5.html]
[soul.vanilacodes.com/wp-content/plugins/contact-form-7/includes/js/index91d5.html]
